2022-03-23 21:53:21,183 Error in cs_go script. [Errno 2] No such file or directory: 'html files/csgo.html'
2022-03-23 21:53:55,681 Parsed html!
2022-03-23 21:53:55,697 Created card list. Number of cards is 50
2022-03-23 21:54:13,705 Wrote to db!
2022-03-23 21:54:13,705 Processing skin AWP | Phobos
2022-03-23 21:54:20,048 Error in cs_go script. cannot open resource
2022-03-23 21:54:39,511 Parsed html!
2022-03-23 21:54:39,539 Created card list. Number of cards is 50
2022-03-23 21:54:56,267 Wrote to db!
2022-03-23 21:54:56,267 Processing skin AWP | Phobos
2022-03-23 21:55:05,127 Error in cs_go script. cannot open resource
2022-03-23 21:59:01,298 Parsed html!
2022-03-23 21:59:01,321 Created card list. Number of cards is 50
2022-03-23 21:59:18,305 Wrote to db!
2022-03-23 21:59:18,306 Processing skin AWP | Phobos
2022-03-23 21:59:26,373 Error in cs_go script. cannot open resource
2022-03-23 22:01:46,263 Parsed html!
2022-03-23 22:01:46,279 Created card list. Number of cards is 50
2022-03-23 22:06:06,679 Parsed html!
2022-03-23 22:06:06,707 Created card list. Number of cards is 50
2022-03-23 22:06:23,636 Wrote to db!
2022-03-23 22:06:23,637 Processing skin Five-SeveN | Kami
2022-03-23 22:06:25,812 Error in cs_go script. cannot open resource
2022-03-23 22:07:37,791 Parsed html!
2022-03-23 22:07:37,811 Created card list. Number of cards is 50
2022-03-23 22:07:54,730 Wrote to db!
2022-03-23 22:07:54,776 Done! Size of DB: 494 Going to sleep now... zzz...
